// Jest Snapshot v1, https://goo.gl/fbAQLP

exports[`renders 1`] = `
<DocumentFragment>
  <form>
    <div
      class="form-group"
    >
      <label
        for="email"
      >
        Email
      </label>
      <input
        class="form-control"
        id="email"
        placeholder="email@example.com"
        type="email"
        value=""
      />
    </div>
    <div
      class="form-group"
    >
      <label
        for="password"
      >
        Password
      </label>
      <input
        class="form-control"
        id="password"
        placeholder="password"
        type="password"
        value=""
      />
    </div>
    <button
      class="btn btn-primary"
      type="submit"
    >
      Sign In
    </button>
    <button
      class="btn fb-btn"
      type="submit"
    >
      Facebook
    </button>
  </form>
</DocumentFragment>
`;
