// Jest Snapshot v1, https://goo.gl/fbAQLP

exports[`renders 1`] = `
<DocumentFragment>
  <div
    class="main"
  >
    <div
      class="jumbotron"
    >
      <h1
        class="display-3 mx-5"
      >
        <strong>
          FLOCKA TIME
        </strong>
      </h1>
      <p
        class="lead text-white mx-5"
      >
        This is Flocka Time, an easy to use extension for Visual Studio Code that tracks you and your friends' coding time. Based off the Waka Time extension.
      </p>
    </div>
    <div
      class="container"
    >
      <div
        class="row"
      >
        <div
          class="col-1"
        />
        <div
          class="col-10"
        />
        <div
          class="col-1"
        />
      </div>
      <table
        class="table table-hover table-sm text-white leaderboard my-3"
      >
        <thead>
          <tr>
            <th>
              Rank
            </th>
            <th>
              Programmer
            </th>
            <th>
              Hours Coded
            </th>
            <th>
              Daily Average
            </th>
          </tr>
        </thead>
        <tbody />
      </table>
    </div>
  </div>
</DocumentFragment>
`;
